// Jest Snapshot v1, https://goo.gl/fbAQLP

exports[`Content types service format ContentType Returns consistent schemas 1`] = `
Object {
  "apiID": "my-name",
  "plugin": "some-plugin",
  "schema": Object {
    "attributes": Object {
      "title": Object {
        "type": "string",
      },
    },
    "collectionName": "tests",
    "connection": "default",
    "description": "My description",
    "draftAndPublish": false,
    "kind": "singleType",
    "name": "My name",
    "pluginOptions": Object {
      "content-manager": Object {
        "visible": true,
      },
    },
    "restrictRelationsTo": null,
    "visible": true,
  },
  "uid": "test-uid",
}
`;
